Flow report for Hill_Cipher_A1
Sun Jan 17 23:14:50 2016
Quartus Prime Version 15.1.0 Build 185 10/21/2015 SJ Lite Edition


---------------------
; Table of Contents ;
---------------------
  1. Legal Notice
  2. Flow Summary
  3. Flow Settings
  4. Flow Non-Default Global Settings
  5. Flow Elapsed Time
  6. Flow OS Summary
  7. Flow Log
  8. Flow Messages
  9. Flow Suppressed Messages



----------------
; Legal Notice ;
----------------
Copyright (C) 1991-2015 Altera Corporation. All rights reserved.
Your use of Altera Corporation's design tools, logic functions 
and other software and tools, and its AMPP partner logic 
functions, and any output files from any of the foregoing 
(including device programming or simulation files), and any 
associated documentation or information are expressly subject 
to the terms and conditions of the Altera Program License 
Subscription Agreement, the Altera Quartus Prime License Agreement,
the Altera MegaCore Function License Agreement, or other 
applicable license agreement, including, without limitation, 
that your use is for the sole purpose of programming logic 
devices manufactured by Altera and sold by Altera or its 
authorized distributors.  Please refer to the applicable 
agreement for further details.



+----------------------------------------------------------------------------------+
; Flow Summary                                                                     ;
+------------------------------------+---------------------------------------------+
; Flow Status                        ; Successful - Sun Jan 17 23:14:50 2016       ;
; Quartus Prime Version              ; 15.1.0 Build 185 10/21/2015 SJ Lite Edition ;
; Revision Name                      ; Hill_Cipher_A1                              ;
; Top-level Entity Name              ; key_inverter                                ;
; Family                             ; Cyclone IV E                                ;
; Total logic elements               ; 430 / 6,272 ( 7 % )                         ;
;     Total combinational functions  ; 426 / 6,272 ( 7 % )                         ;
;     Dedicated logic registers      ; 184 / 6,272 ( 3 % )                         ;
; Total registers                    ; 184                                         ;
; Total pins                         ; 73 / 180 ( 41 % )                           ;
; Total virtual pins                 ; 0                                           ;
; Total memory bits                  ; 64 / 276,480 ( < 1 % )                      ;
; Embedded Multiplier 9-bit elements ; 0 / 30 ( 0 % )                              ;
; Total PLLs                         ; 0 / 2 ( 0 % )                               ;
; Device                             ; EP4CE6F17C6                                 ;
; Timing Models                      ; Final                                       ;
+------------------------------------+---------------------------------------------+


+-----------------------------------------+
; Flow Settings                           ;
+-------------------+---------------------+
; Option            ; Setting             ;
+-------------------+---------------------+
; Start date & time ; 01/17/2016 23:13:22 ;
; Main task         ; Compilation         ;
; Revision Name     ; Hill_Cipher_A1      ;
+-------------------+---------------------+


+-------------------------------------------------------------------------------------------------------------------+
; Flow Non-Default Global Settings                                                                                  ;
+-------------------------------------+--------------------------------+----------------+--------------+------------+
; Assignment Name                     ; Value                          ; Default Value  ; Entity Name  ; Section Id ;
+-------------------------------------+--------------------------------+----------------+--------------+------------+
; COMPILER_SIGNATURE_ID               ; 93383146960456.145309040208664 ; --             ; --           ; --         ;
; PARTITION_COLOR                     ; 16764057                       ; --             ; key_inverter ; Top        ;
; PARTITION_FITTER_PRESERVATION_LEVEL ; PLACEMENT_AND_ROUTING          ; --             ; key_inverter ; Top        ;
; PARTITION_NETLIST_TYPE              ; SOURCE                         ; --             ; key_inverter ; Top        ;
; PROJECT_OUTPUT_DIRECTORY            ; output_files                   ; --             ; --           ; --         ;
; TOP_LEVEL_ENTITY                    ; key_inverter                   ; Hill_Cipher_A1 ; --           ; --         ;
+-------------------------------------+--------------------------------+----------------+--------------+------------+


+-------------------------------------------------------------------------------------------------------------------------------+
; Flow Elapsed Time                                                                                                             ;
+---------------------------+--------------+-------------------------+---------------------+------------------------------------+
; Module Name               ; Elapsed Time ; Average Processors Used ; Peak Virtual Memory ; Total CPU Time (on all processors) ;
+---------------------------+--------------+-------------------------+---------------------+------------------------------------+
; Analysis & Synthesis      ; 00:00:17     ; 1.0                     ; 867 MB              ; 00:00:36                           ;
; Fitter                    ; 00:00:08     ; 1.0                     ; 1127 MB             ; 00:00:09                           ;
; Assembler                 ; 00:00:01     ; 1.0                     ; 728 MB              ; 00:00:01                           ;
; TimeQuest Timing Analyzer ; 00:00:03     ; 1.0                     ; 799 MB              ; 00:00:03                           ;
; EDA Netlist Writer        ; 00:00:01     ; 1.0                     ; 683 MB              ; 00:00:01                           ;
; EDA Netlist Writer        ; 00:00:01     ; 1.0                     ; 699 MB              ; 00:00:02                           ;
; Total                     ; 00:00:31     ; --                      ; --                  ; 00:00:52                           ;
+---------------------------+--------------+-------------------------+---------------------+------------------------------------+


+----------------------------------------------------------------------------------------+
; Flow OS Summary                                                                        ;
+---------------------------+------------------+-----------+------------+----------------+
; Module Name               ; Machine Hostname ; OS Name   ; OS Version ; Processor type ;
+---------------------------+------------------+-----------+------------+----------------+
; Analysis & Synthesis      ; Nano-PC          ; Windows 8 ; 6.2        ; x86_64         ;
; Fitter                    ; Nano-PC          ; Windows 8 ; 6.2        ; x86_64         ;
; Assembler                 ; Nano-PC          ; Windows 8 ; 6.2        ; x86_64         ;
; TimeQuest Timing Analyzer ; Nano-PC          ; Windows 8 ; 6.2        ; x86_64         ;
; EDA Netlist Writer        ; Nano-PC          ; Windows 8 ; 6.2        ; x86_64         ;
; EDA Netlist Writer        ; Nano-PC          ; Windows 8 ; 6.2        ; x86_64         ;
+---------------------------+------------------+-----------+------------+----------------+


------------
; Flow Log ;
------------
quartus_map --read_settings_files=on --write_settings_files=off Hill_Cipher_A1 -c Hill_Cipher_A1
quartus_fit --read_settings_files=off --write_settings_files=off Hill_Cipher_A1 -c Hill_Cipher_A1
quartus_asm --read_settings_files=off --write_settings_files=off Hill_Cipher_A1 -c Hill_Cipher_A1
quartus_sta Hill_Cipher_A1 -c Hill_Cipher_A1
quartus_eda --gen_testbench --tool=modelsim_oem --format=verilog --write_settings_files=off Hill_Cipher_A1 -c Hill_Cipher_A1 --vector_source="C:/Users/LuisEnrique/nano/ECSE 487/Assignment1/key_inverter.vwf" --testbench_file="C:/Users/LuisEnrique/nano/ECSE 487/Assignment1/simulation/qsim/key_inverter.vwf.vt"
quartus_eda --write_settings_files=off --functional=off --flatten_buses=off --timescale=1ps --simulation=on --tool=modelsim_oem --format=verilog --output_directory="C:/Users/LuisEnrique/nano/ECSE 487/Assignment1/simulation/qsim/" Hill_Cipher_A1 -c Hill_Cipher_A1



